[0.009s] Invoking command in '/home/wade/mrs_ws/build/mrs_transport': CMAKE_PREFIX_PATH=${CMAKE_PREFIX_PATH}:/home/wade/luna_ws/install/lunabot_control:/opt/ros/humble /usr/bin/cmake /home/wade/mrs_ws/src/mrs_transport -DCMAKE_INSTALL_PREFIX=/home/wade/mrs_ws/install/mrs_transport
[0.098s] -- The C compiler identification is GNU 11.4.0
[0.175s] -- The CXX compiler identification is GNU 11.4.0
[0.185s] -- Detecting C compiler ABI info
[0.242s] -- Detecting C compiler ABI info - done
[0.247s] -- Check for working C compiler: /usr/lib/ccache/cc - skipped
[0.247s] -- Detecting C compile features
[0.248s] -- Detecting C compile features - done
[0.251s] -- Detecting CXX compiler ABI info
[0.312s] -- Detecting CXX compiler ABI info - done
[0.316s] -- Check for working CXX compiler: /usr/lib/ccache/c++ - skipped
[0.316s] -- Detecting CXX compile features
[0.316s] -- Detecting CXX compile features - done
[0.320s] -- Found ament_cmake: 1.3.14 (/opt/ros/humble/share/ament_cmake/cmake)
[0.558s] -- Found Python3: /usr/bin/python3 (found version "3.10.12") found components: Interpreter 
[0.666s] -- Found ament_lint_auto: 0.12.15 (/opt/ros/humble/share/ament_lint_auto/cmake)
[0.734s] -- Added test 'flake8' to check Python code syntax and style conventions
[0.735s] -- Added test 'lint_cmake' to check CMake code style
[0.735s] -- Added test 'pep257' to check Python code against some of the docstring style conventions in PEP 257
[0.737s] -- Added test 'xmllint' to check XML markup files
[0.738s] -- Configuring done
[0.740s] -- Generating done
[0.741s] -- Build files have been written to: /home/wade/mrs_ws/build/mrs_transport
[0.747s] Invoked command in '/home/wade/mrs_ws/build/mrs_transport' returned '0': CMAKE_PREFIX_PATH=${CMAKE_PREFIX_PATH}:/home/wade/luna_ws/install/lunabot_control:/opt/ros/humble /usr/bin/cmake /home/wade/mrs_ws/src/mrs_transport -DCMAKE_INSTALL_PREFIX=/home/wade/mrs_ws/install/mrs_transport
[0.749s] Invoking command in '/home/wade/mrs_ws/build/mrs_transport': CMAKE_PREFIX_PATH=${CMAKE_PREFIX_PATH}:/home/wade/luna_ws/install/lunabot_control:/opt/ros/humble /usr/bin/cmake --build /home/wade/mrs_ws/build/mrs_transport -- -j12 -l12
[0.785s] Invoked command in '/home/wade/mrs_ws/build/mrs_transport' returned '0': CMAKE_PREFIX_PATH=${CMAKE_PREFIX_PATH}:/home/wade/luna_ws/install/lunabot_control:/opt/ros/humble /usr/bin/cmake --build /home/wade/mrs_ws/build/mrs_transport -- -j12 -l12
[0.794s] Invoking command in '/home/wade/mrs_ws/build/mrs_transport': CMAKE_PREFIX_PATH=${CMAKE_PREFIX_PATH}:/home/wade/luna_ws/install/lunabot_control:/opt/ros/humble /usr/bin/cmake --install /home/wade/mrs_ws/build/mrs_transport
[0.800s] -- Install configuration: ""
[0.801s] -- Installing: /home/wade/mrs_ws/install/mrs_transport/share/mrs_transport/launch
[0.801s] -- Installing: /home/wade/mrs_ws/install/mrs_transport/share/mrs_transport/launch/spawn_system.launch.py
[0.801s] -- Installing: /home/wade/mrs_ws/install/mrs_transport/share/mrs_transport/urdf
[0.801s] -- Installing: /home/wade/mrs_ws/install/mrs_transport/share/mrs_transport/urdf/tethered_box.urdf.xacro
[0.801s] -- Installing: /home/wade/mrs_ws/install/mrs_transport/share/mrs_transport/worlds
[0.801s] -- Installing: /home/wade/mrs_ws/install/mrs_transport/lib/mrs_transport/follower_controller.py
[0.801s] -- Installing: /home/wade/mrs_ws/install/mrs_transport/share/ament_index/resource_index/package_run_dependencies/mrs_transport
[0.801s] -- Installing: /home/wade/mrs_ws/install/mrs_transport/share/ament_index/resource_index/parent_prefix_path/mrs_transport
[0.801s] -- Installing: /home/wade/mrs_ws/install/mrs_transport/share/mrs_transport/environment/ament_prefix_path.sh
[0.802s] -- Installing: /home/wade/mrs_ws/install/mrs_transport/share/mrs_transport/environment/ament_prefix_path.dsv
[0.802s] -- Installing: /home/wade/mrs_ws/install/mrs_transport/share/mrs_transport/environment/path.sh
[0.802s] -- Installing: /home/wade/mrs_ws/install/mrs_transport/share/mrs_transport/environment/path.dsv
[0.802s] -- Installing: /home/wade/mrs_ws/install/mrs_transport/share/mrs_transport/local_setup.bash
[0.802s] -- Installing: /home/wade/mrs_ws/install/mrs_transport/share/mrs_transport/local_setup.sh
[0.802s] -- Installing: /home/wade/mrs_ws/install/mrs_transport/share/mrs_transport/local_setup.zsh
[0.802s] -- Installing: /home/wade/mrs_ws/install/mrs_transport/share/mrs_transport/local_setup.dsv
[0.802s] -- Installing: /home/wade/mrs_ws/install/mrs_transport/share/mrs_transport/package.dsv
[0.802s] -- Installing: /home/wade/mrs_ws/install/mrs_transport/share/ament_index/resource_index/packages/mrs_transport
[0.802s] -- Installing: /home/wade/mrs_ws/install/mrs_transport/share/mrs_transport/cmake/mrs_transportConfig.cmake
[0.803s] -- Installing: /home/wade/mrs_ws/install/mrs_transport/share/mrs_transport/cmake/mrs_transportConfig-version.cmake
[0.803s] -- Installing: /home/wade/mrs_ws/install/mrs_transport/share/mrs_transport/package.xml
[0.804s] Invoked command in '/home/wade/mrs_ws/build/mrs_transport' returned '0': CMAKE_PREFIX_PATH=${CMAKE_PREFIX_PATH}:/home/wade/luna_ws/install/lunabot_control:/opt/ros/humble /usr/bin/cmake --install /home/wade/mrs_ws/build/mrs_transport
