[0.110s] DEBUG:colcon:Command line arguments: ['/usr/bin/colcon', 'build', '--packages-select', 'mrs_transport']
[0.110s] DEBUG:colcon:Parsed command line arguments: Namespace(log_base=None, log_level=None, verb_name='build', build_base='build', install_base='install', merge_install=False, symlink_install=False, test_result_base=None, continue_on_error=False, executor='parallel', parallel_workers=12, event_handlers=None, ignore_user_meta=False, metas=['./colcon.meta'], base_paths=['.'], packages_ignore=None, packages_ignore_regex=None, paths=None, packages_up_to=None, packages_up_to_regex=None, packages_above=None, packages_above_and_dependencies=None, packages_above_depth=None, packages_select_by_dep=None, packages_skip_by_dep=None, packages_skip_up_to=None, packages_select_build_failed=False, packages_skip_build_finished=False, packages_select_test_failures=False, packages_skip_test_passed=False, packages_select=['mrs_transport'], packages_skip=None, packages_select_regex=None, packages_skip_regex=None, packages_start=None, packages_end=None, allow_overriding=[], cmake_args=None, cmake_target=None, cmake_target_skip_unavailable=False, cmake_clean_cache=False, cmake_clean_first=False, cmake_force_configure=False, ament_cmake_args=None, catkin_cmake_args=None, catkin_skip_building_tests=False, mixin_files=None, mixin=None, verb_parser=<colcon_mixin.mixin.mixin_argument.MixinArgumentDecorator object at 0x7de8ced9e170>, verb_extension=<colcon_core.verb.build.BuildVerb object at 0x7de8ced9dc90>, main=<bound method BuildVerb.main of <colcon_core.verb.build.BuildVerb object at 0x7de8ced9dc90>>, mixin_verb=('build',))
[0.144s] Level 1:colcon.colcon_core.package_discovery:discover_packages(colcon_meta) check parameters
[0.144s] Level 1:colcon.colcon_core.package_discovery:discover_packages(recursive) check parameters
[0.144s] Level 1:colcon.colcon_core.package_discovery:discover_packages(ignore) check parameters
[0.144s] Level 1:colcon.colcon_core.package_discovery:discover_packages(path) check parameters
[0.144s] Level 1:colcon.colcon_core.package_discovery:discover_packages(colcon_meta) discover
[0.145s] Level 1:colcon.colcon_core.package_discovery:discover_packages(recursive) discover
[0.145s] INFO:colcon.colcon_core.package_discovery:Crawling recursively for packages in '/home/wade/mrs_ws'
[0.145s] Level 1:colcon.colcon_core.package_identification:_identify(.) by extensions ['ignore', 'ignore_ament_install']
[0.145s] Level 1:colcon.colcon_core.package_identification:_identify(.) by extension 'ignore'
[0.145s] Level 1:colcon.colcon_core.package_identification:_identify(.) by extension 'ignore_ament_install'
[0.145s] Level 1:colcon.colcon_core.package_identification:_identify(.) by extensions ['colcon_pkg']
[0.145s] Level 1:colcon.colcon_core.package_identification:_identify(.) by extension 'colcon_pkg'
[0.145s] Level 1:colcon.colcon_core.package_identification:_identify(.) by extensions ['colcon_meta']
[0.145s] Level 1:colcon.colcon_core.package_identification:_identify(.) by extension 'colcon_meta'
[0.145s] Level 1:colcon.colcon_core.package_identification:_identify(.) by extensions ['ros']
[0.145s] Level 1:colcon.colcon_core.package_identification:_identify(.) by extension 'ros'
[0.154s] Level 1:colcon.colcon_core.package_identification:_identify(.) by extensions ['cmake', 'python']
[0.154s] Level 1:colcon.colcon_core.package_identification:_identify(.) by extension 'cmake'
[0.154s] Level 1:colcon.colcon_core.package_identification:_identify(.) by extension 'python'
[0.154s] Level 1:colcon.colcon_core.package_identification:_identify(.) by extensions ['python_setup_py']
[0.154s] Level 1:colcon.colcon_core.package_identification:_identify(.) by extension 'python_setup_py'
[0.154s] Level 1:colcon.colcon_core.package_identification:_identify(build) by extensions ['ignore', 'ignore_ament_install']
[0.154s] Level 1:colcon.colcon_core.package_identification:_identify(build) by extension 'ignore'
[0.154s] Level 1:colcon.colcon_core.package_identification:_identify(build) ignored
[0.154s] Level 1:colcon.colcon_core.package_identification:_identify(install) by extensions ['ignore', 'ignore_ament_install']
[0.154s] Level 1:colcon.colcon_core.package_identification:_identify(install) by extension 'ignore'
[0.154s] Level 1:colcon.colcon_core.package_identification:_identify(install) ignored
[0.154s] Level 1:colcon.colcon_core.package_identification:_identify(log) by extensions ['ignore', 'ignore_ament_install']
[0.154s] Level 1:colcon.colcon_core.package_identification:_identify(log) by extension 'ignore'
[0.154s] Level 1:colcon.colcon_core.package_identification:_identify(log) ignored
[0.154s] Level 1:colcon.colcon_core.package_identification:_identify(src) by extensions ['ignore', 'ignore_ament_install']
[0.154s] Level 1:colcon.colcon_core.package_identification:_identify(src) by extension 'ignore'
[0.154s] Level 1:colcon.colcon_core.package_identification:_identify(src) by extension 'ignore_ament_install'
[0.154s] Level 1:colcon.colcon_core.package_identification:_identify(src) by extensions ['colcon_pkg']
[0.155s] Level 1:colcon.colcon_core.package_identification:_identify(src) by extension 'colcon_pkg'
[0.155s] Level 1:colcon.colcon_core.package_identification:_identify(src) by extensions ['colcon_meta']
[0.155s] Level 1:colcon.colcon_core.package_identification:_identify(src) by extension 'colcon_meta'
[0.155s] Level 1:colcon.colcon_core.package_identification:_identify(src) by extensions ['ros']
[0.155s] Level 1:colcon.colcon_core.package_identification:_identify(src) by extension 'ros'
[0.155s] Level 1:colcon.colcon_core.package_identification:_identify(src) by extensions ['cmake', 'python']
[0.155s] Level 1:colcon.colcon_core.package_identification:_identify(src) by extension 'cmake'
[0.155s] Level 1:colcon.colcon_core.package_identification:_identify(src) by extension 'python'
[0.155s] Level 1:colcon.colcon_core.package_identification:_identify(src) by extensions ['python_setup_py']
[0.155s] Level 1:colcon.colcon_core.package_identification:_identify(src) by extension 'python_setup_py'
[0.155s] Level 1:colcon.colcon_core.package_identification:_identify(src/mrs_transport) by extensions ['ignore', 'ignore_ament_install']
[0.155s] Level 1:colcon.colcon_core.package_identification:_identify(src/mrs_transport) by extension 'ignore'
[0.155s] Level 1:colcon.colcon_core.package_identification:_identify(src/mrs_transport) by extension 'ignore_ament_install'
[0.155s] Level 1:colcon.colcon_core.package_identification:_identify(src/mrs_transport) by extensions ['colcon_pkg']
[0.155s] Level 1:colcon.colcon_core.package_identification:_identify(src/mrs_transport) by extension 'colcon_pkg'
[0.155s] Level 1:colcon.colcon_core.package_identification:_identify(src/mrs_transport) by extensions ['colcon_meta']
[0.155s] Level 1:colcon.colcon_core.package_identification:_identify(src/mrs_transport) by extension 'colcon_meta'
[0.155s] Level 1:colcon.colcon_core.package_identification:_identify(src/mrs_transport) by extensions ['ros']
[0.155s] Level 1:colcon.colcon_core.package_identification:_identify(src/mrs_transport) by extension 'ros'
[0.156s] DEBUG:colcon.colcon_core.package_identification:Package 'src/mrs_transport' with type 'ros.ament_cmake' and name 'mrs_transport'
[0.156s] Level 1:colcon.colcon_core.package_discovery:discover_packages(recursive) using defaults
[0.156s] Level 1:colcon.colcon_core.package_discovery:discover_packages(ignore) discover
[0.156s] Level 1:colcon.colcon_core.package_discovery:discover_packages(ignore) using defaults
[0.157s] Level 1:colcon.colcon_core.package_discovery:discover_packages(path) discover
[0.157s] Level 1:colcon.colcon_core.package_discovery:discover_packages(path) using defaults
[0.171s] Level 1:colcon.colcon_core.package_discovery:discover_packages(prefix_path) check parameters
[0.171s] Level 1:colcon.colcon_core.package_discovery:discover_packages(prefix_path) discover
[0.173s] DEBUG:colcon.colcon_installed_package_information.package_discovery:Found 12 installed packages in /home/wade/luna_ws/install
[0.174s] DEBUG:colcon.colcon_installed_package_information.package_discovery:Found 500 installed packages in /opt/ros/humble
[0.176s] Level 1:colcon.colcon_core.package_discovery:discover_packages(prefix_path) using defaults
[0.220s] Level 5:colcon.colcon_core.verb:set package 'mrs_transport' build argument 'cmake_args' from command line to 'None'
[0.220s] Level 5:colcon.colcon_core.verb:set package 'mrs_transport' build argument 'cmake_target' from command line to 'None'
[0.220s] Level 5:colcon.colcon_core.verb:set package 'mrs_transport' build argument 'cmake_target_skip_unavailable' from command line to 'False'
[0.220s] Level 5:colcon.colcon_core.verb:set package 'mrs_transport' build argument 'cmake_clean_cache' from command line to 'False'
[0.220s] Level 5:colcon.colcon_core.verb:set package 'mrs_transport' build argument 'cmake_clean_first' from command line to 'False'
[0.220s] Level 5:colcon.colcon_core.verb:set package 'mrs_transport' build argument 'cmake_force_configure' from command line to 'False'
[0.220s] Level 5:colcon.colcon_core.verb:set package 'mrs_transport' build argument 'ament_cmake_args' from command line to 'None'
[0.220s] Level 5:colcon.colcon_core.verb:set package 'mrs_transport' build argument 'catkin_cmake_args' from command line to 'None'
[0.220s] Level 5:colcon.colcon_core.verb:set package 'mrs_transport' build argument 'catkin_skip_building_tests' from command line to 'False'
[0.220s] DEBUG:colcon.colcon_core.verb:Building package 'mrs_transport' with the following arguments: {'ament_cmake_args': None, 'build_base': '/home/wade/mrs_ws/build/mrs_transport', 'catkin_cmake_args': None, 'catkin_skip_building_tests': False, 'cmake_args': None, 'cmake_clean_cache': False, 'cmake_clean_first': False, 'cmake_force_configure': False, 'cmake_target': None, 'cmake_target_skip_unavailable': False, 'install_base': '/home/wade/mrs_ws/install/mrs_transport', 'merge_install': False, 'path': '/home/wade/mrs_ws/src/mrs_transport', 'symlink_install': False, 'test_result_base': None}
[0.220s] INFO:colcon.colcon_core.executor:Executing jobs using 'parallel' executor
[0.221s] DEBUG:colcon.colcon_parallel_executor.executor.parallel:run_until_complete
[0.221s] INFO:colcon.colcon_ros.task.ament_cmake.build:Building ROS package in '/home/wade/mrs_ws/src/mrs_transport' with build type 'ament_cmake'
[0.221s] INFO:colcon.colcon_cmake.task.cmake.build:Building CMake package in '/home/wade/mrs_ws/src/mrs_transport'
[0.223s] INFO:colcon.colcon_core.plugin_system:Skipping extension 'colcon_core.shell.bat': Not used on non-Windows systems
[0.223s] INFO:colcon.colcon_core.shell:Skip shell extension 'powershell' for command environment: Not usable outside of PowerShell
[0.223s] DEBUG:colcon.colcon_core.shell:Skip shell extension 'dsv' for command environment
[0.231s] DEBUG:colcon.colcon_core.event_handler.log_command:Invoking command in '/home/wade/mrs_ws/build/mrs_transport': CMAKE_PREFIX_PATH=${CMAKE_PREFIX_PATH}:/home/wade/luna_ws/install/lunabot_control:/opt/ros/humble /usr/bin/cmake /home/wade/mrs_ws/src/mrs_transport -DCMAKE_INSTALL_PREFIX=/home/wade/mrs_ws/install/mrs_transport
[0.968s] DEBUG:colcon.colcon_core.event_handler.log_command:Invoked command in '/home/wade/mrs_ws/build/mrs_transport' returned '0': CMAKE_PREFIX_PATH=${CMAKE_PREFIX_PATH}:/home/wade/luna_ws/install/lunabot_control:/opt/ros/humble /usr/bin/cmake /home/wade/mrs_ws/src/mrs_transport -DCMAKE_INSTALL_PREFIX=/home/wade/mrs_ws/install/mrs_transport
[0.970s] DEBUG:colcon.colcon_core.event_handler.log_command:Invoking command in '/home/wade/mrs_ws/build/mrs_transport': CMAKE_PREFIX_PATH=${CMAKE_PREFIX_PATH}:/home/wade/luna_ws/install/lunabot_control:/opt/ros/humble /usr/bin/cmake --build /home/wade/mrs_ws/build/mrs_transport -- -j12 -l12
[1.006s] DEBUG:colcon.colcon_core.event_handler.log_command:Invoked command in '/home/wade/mrs_ws/build/mrs_transport' returned '0': CMAKE_PREFIX_PATH=${CMAKE_PREFIX_PATH}:/home/wade/luna_ws/install/lunabot_control:/opt/ros/humble /usr/bin/cmake --build /home/wade/mrs_ws/build/mrs_transport -- -j12 -l12
[1.015s] DEBUG:colcon.colcon_core.event_handler.log_command:Invoking command in '/home/wade/mrs_ws/build/mrs_transport': CMAKE_PREFIX_PATH=${CMAKE_PREFIX_PATH}:/home/wade/luna_ws/install/lunabot_control:/opt/ros/humble /usr/bin/cmake --install /home/wade/mrs_ws/build/mrs_transport
[1.025s] Level 1:colcon.colcon_core.environment:create_environment_scripts_only(mrs_transport)
[1.026s] DEBUG:colcon.colcon_core.event_handler.log_command:Invoked command in '/home/wade/mrs_ws/build/mrs_transport' returned '0': CMAKE_PREFIX_PATH=${CMAKE_PREFIX_PATH}:/home/wade/luna_ws/install/lunabot_control:/opt/ros/humble /usr/bin/cmake --install /home/wade/mrs_ws/build/mrs_transport
[1.028s] Level 1:colcon.colcon_core.environment:checking '/home/wade/mrs_ws/install/mrs_transport' for CMake module files
[1.028s] Level 1:colcon.colcon_core.environment:checking '/home/wade/mrs_ws/install/mrs_transport' for CMake config files
[1.028s] Level 1:colcon.colcon_core.shell:create_environment_hook('mrs_transport', 'cmake_prefix_path')
[1.029s] INFO:colcon.colcon_core.shell:Creating environment hook '/home/wade/mrs_ws/install/mrs_transport/share/mrs_transport/hook/cmake_prefix_path.ps1'
[1.029s] INFO:colcon.colcon_core.shell:Creating environment descriptor '/home/wade/mrs_ws/install/mrs_transport/share/mrs_transport/hook/cmake_prefix_path.dsv'
[1.030s] INFO:colcon.colcon_core.shell:Creating environment hook '/home/wade/mrs_ws/install/mrs_transport/share/mrs_transport/hook/cmake_prefix_path.sh'
[1.030s] Level 1:colcon.colcon_core.environment:checking '/home/wade/mrs_ws/install/mrs_transport/lib'
[1.031s] Level 1:colcon.colcon_core.environment:checking '/home/wade/mrs_ws/install/mrs_transport/bin'
[1.031s] Level 1:colcon.colcon_core.environment:checking '/home/wade/mrs_ws/install/mrs_transport/lib/pkgconfig/mrs_transport.pc'
[1.031s] Level 1:colcon.colcon_core.environment:checking '/home/wade/mrs_ws/install/mrs_transport/lib/python3.10/site-packages'
[1.031s] Level 1:colcon.colcon_core.environment:checking '/home/wade/mrs_ws/install/mrs_transport/bin'
[1.031s] INFO:colcon.colcon_core.shell:Creating package script '/home/wade/mrs_ws/install/mrs_transport/share/mrs_transport/package.ps1'
[1.031s] INFO:colcon.colcon_core.shell:Creating package descriptor '/home/wade/mrs_ws/install/mrs_transport/share/mrs_transport/package.dsv'
[1.032s] INFO:colcon.colcon_core.shell:Creating package script '/home/wade/mrs_ws/install/mrs_transport/share/mrs_transport/package.sh'
[1.032s] INFO:colcon.colcon_core.shell:Creating package script '/home/wade/mrs_ws/install/mrs_transport/share/mrs_transport/package.bash'
[1.033s] INFO:colcon.colcon_core.shell:Creating package script '/home/wade/mrs_ws/install/mrs_transport/share/mrs_transport/package.zsh'
[1.033s] Level 1:colcon.colcon_core.environment:create_file_with_runtime_dependencies(/home/wade/mrs_ws/install/mrs_transport/share/colcon-core/packages/mrs_transport)
[1.033s] Level 1:colcon.colcon_core.environment:create_environment_scripts_only(mrs_transport)
[1.033s] Level 1:colcon.colcon_core.environment:checking '/home/wade/mrs_ws/install/mrs_transport' for CMake module files
[1.034s] Level 1:colcon.colcon_core.environment:checking '/home/wade/mrs_ws/install/mrs_transport' for CMake config files
[1.034s] Level 1:colcon.colcon_core.shell:create_environment_hook('mrs_transport', 'cmake_prefix_path')
[1.034s] INFO:colcon.colcon_core.shell:Creating environment hook '/home/wade/mrs_ws/install/mrs_transport/share/mrs_transport/hook/cmake_prefix_path.ps1'
[1.034s] INFO:colcon.colcon_core.shell:Creating environment descriptor '/home/wade/mrs_ws/install/mrs_transport/share/mrs_transport/hook/cmake_prefix_path.dsv'
[1.034s] INFO:colcon.colcon_core.shell:Creating environment hook '/home/wade/mrs_ws/install/mrs_transport/share/mrs_transport/hook/cmake_prefix_path.sh'
[1.035s] Level 1:colcon.colcon_core.environment:checking '/home/wade/mrs_ws/install/mrs_transport/lib'
[1.035s] Level 1:colcon.colcon_core.environment:checking '/home/wade/mrs_ws/install/mrs_transport/bin'
[1.035s] Level 1:colcon.colcon_core.environment:checking '/home/wade/mrs_ws/install/mrs_transport/lib/pkgconfig/mrs_transport.pc'
[1.035s] Level 1:colcon.colcon_core.environment:checking '/home/wade/mrs_ws/install/mrs_transport/lib/python3.10/site-packages'
[1.035s] Level 1:colcon.colcon_core.environment:checking '/home/wade/mrs_ws/install/mrs_transport/bin'
[1.035s] INFO:colcon.colcon_core.shell:Creating package script '/home/wade/mrs_ws/install/mrs_transport/share/mrs_transport/package.ps1'
[1.035s] INFO:colcon.colcon_core.shell:Creating package descriptor '/home/wade/mrs_ws/install/mrs_transport/share/mrs_transport/package.dsv'
[1.036s] INFO:colcon.colcon_core.shell:Creating package script '/home/wade/mrs_ws/install/mrs_transport/share/mrs_transport/package.sh'
[1.036s] INFO:colcon.colcon_core.shell:Creating package script '/home/wade/mrs_ws/install/mrs_transport/share/mrs_transport/package.bash'
[1.036s] INFO:colcon.colcon_core.shell:Creating package script '/home/wade/mrs_ws/install/mrs_transport/share/mrs_transport/package.zsh'
[1.036s] Level 1:colcon.colcon_core.environment:create_file_with_runtime_dependencies(/home/wade/mrs_ws/install/mrs_transport/share/colcon-core/packages/mrs_transport)
[1.036s] DEBUG:colcon.colcon_parallel_executor.executor.parallel:closing loop
[1.037s] DEBUG:colcon.colcon_parallel_executor.executor.parallel:loop closed
[1.037s] DEBUG:colcon.colcon_parallel_executor.executor.parallel:run_until_complete finished with '0'
[1.037s] DEBUG:colcon.colcon_core.event_reactor:joining thread
[1.040s] INFO:colcon.colcon_core.plugin_system:Skipping extension 'colcon_notification.desktop_notification.terminal_notifier': Not used on non-Darwin systems
[1.040s] INFO:colcon.colcon_core.plugin_system:Skipping extension 'colcon_notification.desktop_notification.win32': Not used on non-Windows systems
[1.040s] INFO:colcon.colcon_notification.desktop_notification:Sending desktop notification using 'notify2'
[1.050s] DEBUG:colcon.colcon_core.event_reactor:joined thread
[1.050s] INFO:colcon.colcon_core.shell:Creating prefix script '/home/wade/mrs_ws/install/local_setup.ps1'
[1.051s] INFO:colcon.colcon_core.shell:Creating prefix util module '/home/wade/mrs_ws/install/_local_setup_util_ps1.py'
[1.052s] INFO:colcon.colcon_core.shell:Creating prefix chain script '/home/wade/mrs_ws/install/setup.ps1'
[1.053s] INFO:colcon.colcon_core.shell:Creating prefix script '/home/wade/mrs_ws/install/local_setup.sh'
[1.053s] INFO:colcon.colcon_core.shell:Creating prefix util module '/home/wade/mrs_ws/install/_local_setup_util_sh.py'
[1.054s] INFO:colcon.colcon_core.shell:Creating prefix chain script '/home/wade/mrs_ws/install/setup.sh'
[1.055s] INFO:colcon.colcon_core.shell:Creating prefix script '/home/wade/mrs_ws/install/local_setup.bash'
[1.055s] INFO:colcon.colcon_core.shell:Creating prefix chain script '/home/wade/mrs_ws/install/setup.bash'
[1.056s] INFO:colcon.colcon_core.shell:Creating prefix script '/home/wade/mrs_ws/install/local_setup.zsh'
[1.056s] INFO:colcon.colcon_core.shell:Creating prefix chain script '/home/wade/mrs_ws/install/setup.zsh'
