[0.010s] Invoking command in '/home/wade/mrs_ws/build/mrs_transport': CMAKE_PREFIX_PATH=${CMAKE_PREFIX_PATH}:/home/wade/luna_ws/install/lunabot_control:/opt/ros/humble /usr/bin/cmake /home/wade/mrs_ws/src/mrs_transport -DCMAKE_INSTALL_PREFIX=/home/wade/mrs_ws/install/mrs_transport
[0.100s] -- The C compiler identification is GNU 11.4.0
[0.177s] -- The CXX compiler identification is GNU 11.4.0
[0.188s] -- Detecting C compiler ABI info
[0.245s] -- Detecting C compiler ABI info - done
[0.249s] -- Check for working C compiler: /usr/lib/ccache/cc - skipped
[0.249s] -- Detecting C compile features
[0.250s] -- Detecting C compile features - done
[0.252s] -- Detecting CXX compiler ABI info
[0.310s] -- Detecting CXX compiler ABI info - done
[0.314s] -- Check for working CXX compiler: /usr/lib/ccache/c++ - skipped
[0.314s] -- Detecting CXX compile features
[0.315s] -- Detecting CXX compile features - done
[0.319s] -- Found ament_cmake: 1.3.14 (/opt/ros/humble/share/ament_cmake/cmake)
[0.559s] -- Found Python3: /usr/bin/python3 (found version "3.10.12") found components: Interpreter 
[0.674s] -- Found ament_lint_auto: 0.12.15 (/opt/ros/humble/share/ament_lint_auto/cmake)
[0.738s] -- Added test 'flake8' to check Python code syntax and style conventions
[0.739s] -- Added test 'lint_cmake' to check CMake code style
[0.739s] -- Added test 'pep257' to check Python code against some of the docstring style conventions in PEP 257
[0.740s] -- Added test 'xmllint' to check XML markup files
[0.742s] -- Configuring done
[0.744s] -- Generating done
[0.745s] -- Build files have been written to: /home/wade/mrs_ws/build/mrs_transport
[0.749s] Invoked command in '/home/wade/mrs_ws/build/mrs_transport' returned '0': CMAKE_PREFIX_PATH=${CMAKE_PREFIX_PATH}:/home/wade/luna_ws/install/lunabot_control:/opt/ros/humble /usr/bin/cmake /home/wade/mrs_ws/src/mrs_transport -DCMAKE_INSTALL_PREFIX=/home/wade/mrs_ws/install/mrs_transport
[0.751s] Invoking command in '/home/wade/mrs_ws/build/mrs_transport': CMAKE_PREFIX_PATH=${CMAKE_PREFIX_PATH}:/home/wade/luna_ws/install/lunabot_control:/opt/ros/humble /usr/bin/cmake --build /home/wade/mrs_ws/build/mrs_transport -- -j12 -l12
[0.784s] Invoked command in '/home/wade/mrs_ws/build/mrs_transport' returned '0': CMAKE_PREFIX_PATH=${CMAKE_PREFIX_PATH}:/home/wade/luna_ws/install/lunabot_control:/opt/ros/humble /usr/bin/cmake --build /home/wade/mrs_ws/build/mrs_transport -- -j12 -l12
[0.791s] Invoking command in '/home/wade/mrs_ws/build/mrs_transport': CMAKE_PREFIX_PATH=${CMAKE_PREFIX_PATH}:/home/wade/luna_ws/install/lunabot_control:/opt/ros/humble /usr/bin/cmake --install /home/wade/mrs_ws/build/mrs_transport
[0.798s] -- Install configuration: ""
[0.798s] -- Installing: /home/wade/mrs_ws/install/mrs_transport/share/mrs_transport/launch
[0.798s] -- Installing: /home/wade/mrs_ws/install/mrs_transport/share/mrs_transport/launch/spawn_system.launch.py
[0.798s] -- Installing: /home/wade/mrs_ws/install/mrs_transport/share/mrs_transport/urdf
[0.798s] -- Installing: /home/wade/mrs_ws/install/mrs_transport/share/mrs_transport/urdf/tethered_box.urdf.xacro
[0.798s] -- Installing: /home/wade/mrs_ws/install/mrs_transport/share/mrs_transport/worlds
[0.798s] -- Installing: /home/wade/mrs_ws/install/mrs_transport/share/ament_index/resource_index/package_run_dependencies/mrs_transport
[0.798s] -- Installing: /home/wade/mrs_ws/install/mrs_transport/share/ament_index/resource_index/parent_prefix_path/mrs_transport
[0.798s] -- Installing: /home/wade/mrs_ws/install/mrs_transport/share/mrs_transport/environment/ament_prefix_path.sh
[0.798s] -- Installing: /home/wade/mrs_ws/install/mrs_transport/share/mrs_transport/environment/ament_prefix_path.dsv
[0.798s] -- Installing: /home/wade/mrs_ws/install/mrs_transport/share/mrs_transport/environment/path.sh
[0.799s] -- Installing: /home/wade/mrs_ws/install/mrs_transport/share/mrs_transport/environment/path.dsv
[0.799s] -- Installing: /home/wade/mrs_ws/install/mrs_transport/share/mrs_transport/local_setup.bash
[0.799s] -- Installing: /home/wade/mrs_ws/install/mrs_transport/share/mrs_transport/local_setup.sh
[0.799s] -- Installing: /home/wade/mrs_ws/install/mrs_transport/share/mrs_transport/local_setup.zsh
[0.799s] -- Installing: /home/wade/mrs_ws/install/mrs_transport/share/mrs_transport/local_setup.dsv
[0.799s] -- Installing: /home/wade/mrs_ws/install/mrs_transport/share/mrs_transport/package.dsv
[0.799s] -- Installing: /home/wade/mrs_ws/install/mrs_transport/share/ament_index/resource_index/packages/mrs_transport
[0.799s] -- Installing: /home/wade/mrs_ws/install/mrs_transport/share/mrs_transport/cmake/mrs_transportConfig.cmake
[0.799s] -- Installing: /home/wade/mrs_ws/install/mrs_transport/share/mrs_transport/cmake/mrs_transportConfig-version.cmake
[0.799s] -- Installing: /home/wade/mrs_ws/install/mrs_transport/share/mrs_transport/package.xml
[0.801s] Invoked command in '/home/wade/mrs_ws/build/mrs_transport' returned '0': CMAKE_PREFIX_PATH=${CMAKE_PREFIX_PATH}:/home/wade/luna_ws/install/lunabot_control:/opt/ros/humble /usr/bin/cmake --install /home/wade/mrs_ws/build/mrs_transport
